// Jest Snapshot v1, https://goo.gl/fbAQLP

exports[`TextField renders correctly 1`] = `
<div>
  <div
    class="MuiFormControl-root MuiTextField-root css-1qpw28-MuiFormControl-root-MuiTextField-root"
  >
    <div
      class="MuiOutlinedInput-root MuiInputBase-root MuiInputBase-colorPrimary MuiInputBase-formControl css-9ddj71-MuiInputBase-root-MuiOutlinedInput-root"
    >
      <input
        aria-invalid="false"
        class="MuiOutlinedInput-input MuiInputBase-input css-1t8l2tu-MuiInputBase-input-MuiOutlinedInput-input"
        id="mui-1"
        type="text"
        value=""
      />
      <fieldset
        aria-hidden="true"
        class="MuiOutlinedInput-notchedOutline css-1d3z3hw-MuiOutlinedInput-notchedOutline"
      >
        <legend
          class="css-hdw1oc"
        >
          <span
            class="notranslate"
          >
            â€‹
          </span>
        </legend>
      </fieldset>
    </div>
  </div>
</div>
`;
